- Previous saved models are of different versions
-  running different files
- stream lit will not execute here